Exception: java.io.FileNotFoundException: sat.sol (No such file or directory)
